// Jest Snapshot v1, https://goo.gl/fbAQLP

exports[`EventListing Snapshot should render view by default 1`] = `
<div
  className="container"
>
  <HelmetWrapper
    defer={true}
    encodeSpecialCharacters={true}
    title="Linkedevents - Sisällön hallinta"
  />
  <h1>
    <FormattedMessage
      id="events-management"
      values={Object {}}
    />
  </h1>
  <p>
    <FormattedMessage
      id="events-management-description"
      values={Object {}}
    />
  </p>
  <div
    className="event-settings"
  >
    <h2>
      <InjectIntl(CollapseButton)
        id="listingTips"
        isOpen={false}
        targetCollapseNameId="events-management-tip"
        toggleHeader={[Function]}
      />
    </h2>
    <Collapse
      appear={false}
      enter={true}
      exit={true}
      in={false}
      isOpen={false}
      mountOnEnter={false}
      onEnter={[Function]}
      onEntered={[Function]}
      onEntering={[Function]}
      onExit={[Function]}
      onExited={[Function]}
      onExiting={[Function]}
      tag="div"
      timeout={350}
      unmountOnExit={false}
    >
      <hr
        style={
          Object {
            "borderTop": "2px solid black",
          }
        }
      />
      <div
        className="col-sm-6 radios"
      >
        <div
          className="row"
        >
          <div
            className="col-sm-12"
          >
            <HelCheckbox
              defaultChecked={false}
              fieldID="user-events-toggle"
              label={
                <FormattedMessage
                  id="user-events-toggle"
                  values={Object {}}
                />
              }
              onChange={[Function]}
            />
          </div>
        </div>
        <div
          className="row"
        >
          <FormattedMessage
            id="filter-event-type"
            values={Object {}}
          />
        </div>
        <div
          className="row"
        >
          <div
            className="col-sm-12"
          >
            <HelCheckbox
              defaultChecked={true}
              disabled={false}
              fieldID="eventgeneral"
              label={
                <FormattedMessage
                  id="event"
                  values={Object {}}
                />
              }
              onChange={[Function]}
            />
            <HelCheckbox
              defaultChecked={true}
              disabled={false}
              fieldID="eventhobbies"
              label={
                <FormattedMessage
                  id="hobby"
                  values={Object {}}
                />
              }
              onChange={[Function]}
            />
          </div>
          <div
            className="row"
          >
            <FormattedMessage
              id="filter-event-languages"
              values={Object {}}
            />
          </div>
          <div
            className="col-sm-12"
          >
            <SelectorRadio
              ariaLabel="Kaikki kielet"
              checked={true}
              handleCheck={[Function]}
              messageID="filter-event-all"
              name="radiogroup"
              value="all"
            />
            <SelectorRadio
              ariaLabel="Suomeksi"
              checked={false}
              handleCheck={[Function]}
              messageID="filter-event-fi-mobile"
              name="radiogroup"
              value="fi"
            />
            <SelectorRadio
              ariaLabel="Ruotsiksi"
              checked={false}
              handleCheck={[Function]}
              messageID="filter-event-sv-mobile"
              name="radiogroup"
              value="sv"
            />
            <SelectorRadio
              ariaLabel="Englanniksi"
              checked={false}
              handleCheck={[Function]}
              messageID="filter-event-en-mobile"
              name="radiogroup"
              value="en"
            />
          </div>
        </div>
      </div>
      <hr
        style={
          Object {
            "borderTop": "2px solid black",
          }
        }
      />
    </Collapse>
  </div>
  <InjectIntl(EventTable)
    count={null}
    events={Array []}
    fetchComplete={true}
    handlePageChange={[Function]}
    handlePageSizeChange={[Function]}
    handleSortChange={[Function]}
    pageSize={25}
    paginationPage={0}
    sortBy="last_modified_time"
    sortDirection="desc"
    tableCaption="table-event-management"
    user={Object {}}
  />
</div>
`;

exports[`EventListing Snapshot should render view correctly 1`] = `
<IntlProvider
  locale="fi"
  messages={
    Object {
      "The name must be defined.": "Tiedostolla tulee olla nimi",
      "add-events": "Lisää sarjaan tapahtuma, harrastus tai koulutus",
      "add-more": "Lisää ajankohdat",
      "additional-keywords": "Asiasanat",
      "alt-text": "Oma sanallinen selityksesi kuvan sisällöstä ruudunlukijaa käyttävälle",
      "attendee-capacity": "Osallistujamäärä",
      "audience-age-restrictions": "Ikärajoitukset",
      "audience-max-age": "Yläikäraja",
      "audience-min-age": "Alaikäraja",
      "authorization-required": "Kirjaudu sisään tapahtuman lähettämiseksi.",
      "cancel": "Kumoa",
      "cancel-events": "Peruuta sisältö",
      "cancelled": "Peruutettu",
      "categories-header-content": "Sisältö*",
      "choose-image": "Lisää tapahtumalle kuva tai valitse kuvapankista",
      "chosen-event-image": "Tapahtumalle on valittu kuva: {name}",
      "clear": "Tyhjennä",
      "clear-form": "Tyhjennä kentät",
      "close": "Sulje",
      "close-image-edit-modal": "Sulje kuvan lisäämisen / muokkaamisen dialogi",
      "close-image-gallery-modal": "Sulje kuvagallerian dialogi",
      "close-preview-modal": "Sulje esikatselun dialogi",
      "close-report-modal": "Sulje raportoinnin dialogi",
      "confirm": "Suorita",
      "confirm-action-header": "Varmista toiminto",
      "confirm-cancel": "Varmista sisällön peruminen",
      "confirm-cancel-extra": "Huom! Tämä toiminto peruuttaa sisällön.",
      "confirm-delete": "Varmista sisällön poistaminen",
      "confirm-delete-draft": "Varmista luonnoksen poistaminen",
      "confirm-image-delete": "Varmista kuvan poistaminen",
      "confirm-postpone": "Varmista sisällön lykkääminen",
      "confirm-postpone-draft": "Varmista luonnoksen lykkääminen",
      "confirm-publish": "Varmista sisällön julkaiseminen",
      "confirm-publish-draft": "Varmista luonnoksen julkaiseminen",
      "confirm-type-switch": "Varmista sisältötyypin vaihto",
      "confirm-update": "Varmista sisällön tallentaminen",
      "confirm-update-draft": "Varmista luonnoksen tallentaminen",
      "copy-event-to-draft": "Kopioi sisältö",
      "copy-keyword-to-clipboard": "Kopioi asiasana leikepöydälle",
      "copy-location-to-clipboard": "Kopioi paikka id leikepöydälle",
      "courses": "Kurssi",
      "courses-management": "Kurssien hallinta",
      "create-admin-draft-events": "Tallenna luonnoksena",
      "create-courses": "Lisää uusi kurssi",
      "create-events": "Lisää uusi sisältö",
      "date": "Päivämäärä",
      "date-picker-button-label": "Päivämäärävalitsin",
      "default-modal-images": "Oletuskuvat",
      "delete": "Poista",
      "delete-events": "Poista sisältö",
      "delete-events-multi": "Poista sisällöt",
      "delete-from-filesystem": "Poista kuva järjestelmästä",
      "description-alt.en": "The picture is decorative",
      "description-alt.fi": "Kuva on koriste",
      "description-alt.sv": "Bilden är dekorativ",
      "draft": "Luonnos",
      "draft-cancel": "Tapahtumaluonnoksia ei voi perua.",
      "draft-invalid-postpone": "Luonnoksia ei voi lykätä.",
      "draft-publish-subevent": "Sarjan alatapahtumia ei voi julkaista.",
      "edit-courses": "Muokkaa kurssia",
      "edit-events": "Muokkaa sisältöä",
      "edit-image": "Muokkaa kuvaa",
      "edit-selected-image": "Muokkaa valittua kuvaa",
      "editor-authorization-required": "Jos haluat julkaista tapahtuman, kirjaudu ensin sisään.",
      "editor-cancel-extra-warning": "Seuraavat tapahtumat peruutetaan:",
      "editor-cancel-warning": "Muistathan, että perumisen sijaan voit myös järjestää tapahtuman, harrastuksen tai koulutuksen etänä internetissä. Valitse tällöin muokkauslomakkeella tapahtumapaikaksi Virtuaalitapahtuma. Voit myös siirtää tapahtuman, harrastuksen tai koulutuksen myöhempään ajankohtaan tai poistaa sellaisen tapahtuman, jonka syötit vahingossa.",
      "editor-delete-draft-extra-warning": "Seuraavat tapahtumat poistetaan:",
      "editor-delete-draft-warning": "VAROITUS: Tämä toiminto poistaa tapahtuman lopullisesti. Voit tarvittaessa myös pyytää, että tapahtumaehdotuksen tekijä muokkaa ilmoitustaan.",
      "editor-delete-extra-warning": "Seuraavat sisällöt poistetaan:",
      "editor-delete-warning": "Huom! Tämä toiminto poistaa sisällön lopullisesti. Voit tarvittaessa myös perua tapahtuman, harrastuksen tai koulutuksen tai siirtää sen myöhempään ajankohtaan.",
      "editor-expand-required": "Tämä osio on pakollinen",
      "editor-headerbutton-collapse": "Klikkaa sulkeaksesi osio",
      "editor-headerbutton-expand": "Klikkaa laajentaaksesi osio",
      "editor-postpone-draft-warning": "VAROITUS: Tämä toiminto lykkää tapahtuman tulevaisuuteen. Lykättyäsi voit myöhemmin syöttää tapahtumalle uuden ajankohdan.",
      "editor-postpone-extra-warning": "Seuraavat tapahtumat lykätään:",
      "editor-postpone-warning": "VAROITUS: Tämä toiminto siirtää tapahtuman, harrastuksen tai koulutuksen myöhempään ajankohtaan. Voit myöhemmin määrittää tarkemmin uuden ajankohdan.",
      "editor-publish-draft-extra-warning": "Seuraavat tapahtumat julkaistaan:",
      "editor-publish-draft-warning": "HUOM. Tämä toiminto julkaisee tapahtuman Internetiin. Tapahtumaehdotuksen alkuperäinen tekijä ei voi enää muokata tapahtumaa.",
      "editor-sentinel-alert": "Voit katsella lomaketta, mutta sinulla ei ole oikeuksia julkaista tai muokata tapahtumia. Et ole kirjautunut sisään tai kirjautumisesi on vanhentunut.",
      "editor-show-broader-concepts": "Näytä asiasanan '{value}' yläkäsitteet.",
      "editor-show-narrower-concepts": "Näytä asiasanan '{value}' alakäsitteet.",
      "editor-tip-category-sidefield": "Asiasanojen ohjeet",
      "editor-tip-event-time-end": "Säännöllisesti toistuva tapahtuma: lisää esimerkiksi viikoittain, samoina päivinä toistuvia tapahtumakertoja (esim. teatterinäytös, joka toistuu useita kertoja samanlaisena eri päivinä).",
      "editor-tip-event-time-start": "Valitse onko tapahtumasi yksittäinen vai sarjatapahtuma.",
      "editor-tip-event-time-start-end": "Sarjatapahtuma koostuu alitapahtumista, joita voi olla vähintään 2 ja enintään 65.",
      "editor-tip-event-time-type": "Lisää uusi ajankohta: lisää alitapahtumia sarjatapahtumaan.",
      "editor-tip-event-umbrella-selection": "Kattotapahtuma: tapahtuma kokoaa alleen useita muita tapahtumia. Esim. Taiteiden yö tai Elokuvapäivä.",
      "editor-tip-event-umbrella-selection1": "Liittyy kattotapahtumaan: tapahtuma liittyy suoraan isompaan tapahtumaan. Esim. Kirjailijatapaaminen Taiteiden yönä.",
      "editor-tip-eventtype-disable": "Jos haluat vaihtaa tapahtumien toistuvuutta, poista lisätyt ajat.",
      "editor-tip-hobby-time-end": "Säännöllisesti toistuva harrastus = Lisää esimerkiksi viikoittain, samoina päivinä toistuvia harrastuskertoja. ",
      "editor-tip-hobby-time-start": "Valitse onko harrastuksesi yksittäinen vai sarja.",
      "editor-tip-hobby-time-start-end": "Sarja koostuu harrastuskerroista, joita voi olla vähintään 2 ja enintään 65.",
      "editor-tip-hobby-time-type": "Lisää uusi ajankohta = Jos harrastuskerrat eivät noudata säännöllistä toistuvuutta, lisää yksittäisiä harrastuskertoja sarjaan.",
      "editor-tip-hobby-umbrella-selection": "Harrastukset ovat yleensä itsenäisiä kokonaisuuksia. Harrastuksen kattoteema = Kattoteema kokoaa alleen useita tähän teemaan liittyviä harrastuksia. Esim. Kivakesä kulmilla. ",
      "editor-tip-hobby-umbrella-selection1": "Liittyy kattoteemaan = Esim. Kivakesä kulmilla -ohjelmaan kuuluva Tanssipaja Lausteella.",
      "editor-tip-keyword-sidefield": "Sisällön ohjeet",
      "editor-tip-location": "Paikan valinnan ohjeet",
      "editor-tip-required": "Tähdellä (*) merkityt kentät ovat pakollisia.",
      "editor-tip-umbrella": "Kattotapahtuman ohjeet",
      "editor-tip-umbrella-sub-event": "Jos haluat lisätä tämän tapahtuman osaksi kattotapahtumaa, tee se",
      "editor-tip-umbrella-sub-event-link": "sarjan ylätapahtumasta",
      "editor-update-draft-draft-extra-warning": "Tiedot tallennetaan seuraaviin tapahtumiin:",
      "editor-update-draft-draft-warning": "Tiedot tallennetaan kaikkiin tapahtumiin tässä sarjassa. Näihin tapahtumiin tehdyt muutokset menetetään. Oletko varma että haluat jatkaa?",
      "editor-update-draft-extra-warning": "Tiedot tallennetaan seuraaviin tapahtumiin:",
      "editor-update-draft-warning": "Tiedot tallennetaan kaikkiin tapahtumiin tässä sarjassa. Näihin tapahtumiin tehdyt muutokset menetetään. Oletko varma että haluat jatkaa?",
      "editor-update-extra-warning": "Tiedot tallennetaan seuraaviin tapahtumiin:",
      "editor-update-warning": "Tiedot tallennetaan kaikkiin tapahtumiin tässä sarjassa. Näihin tapahtumiin tehdyt muutokset menetetään. Oletko varma että haluat jatkaa?",
      "enrolment-end-time": "Ilmoittautuminen päättyy (pp.kk.vvvv)",
      "enrolment-header": "Ilmoittautumisen tiedot",
      "enrolment-start-time": "Ilmoittautuminen alkaa (pp.kk.vvvv)",
      "enrolment-time": "Ilmoittautumisaika",
      "enrolment-url": "Linkki ilmoittautumiseen",
      "error-message-has-been-sent": "Raportti lähetetty onnistuneesti, kiitoksia!",
      "event": "Tapahtuma",
      "event-action-save-draft-existing": "Päivitä ehdotusta",
      "event-action-save-draft-new": "Lähetä tarkastettavaksi",
      "event-action-save-existing": "Tallenna muutokset julkaistuun tapahtumaan",
      "event-action-save-existing-active": "Tallennetaan muutoksia",
      "event-action-save-multiple": "Julkaise sisällöt",
      "event-action-save-multiple-active": "Julkaistaan sisällöt",
      "event-action-save-new": "Julkaise sisältö",
      "event-action-save-new-active": "Julkaistaan sisältöä",
      "event-add-new-occasion": "Lisää uusi ajankohta",
      "event-add-newInfo": "Täytä tapahtuman tiedot",
      "event-add-price": "Lisää uusi hintatieto",
      "event-add-price-limit": "Hintatietoja voi olla enintään {count} kappaletta.",
      "event-add-recurring": "Säännöllisesti toistuva tapahtuma",
      "event-add-recurring-error": "Vähennä ajankohtien lukumäärää, korkein sallittu määrä on {count} kappaletta, olet lisäämässä {subEventcount} kappaletta.",
      "event-add-recurring-limit": "Toistuvia ajankohtia voi olla korkeintaan {count} kappaletta, olet lisäämässä {subEventcount} kappaletta.",
      "event-canceled": "Peruttuja tapahtumia ei voi muokata.",
      "event-categories-extra": "Lisäluokat",
      "event-categories-header-type": "Valitse vähintään yksi molemmista luokista",
      "event-categories-type": "Tapahtuman tyyppi*",
      "event-categorization": "Tapahtuman luokittelu",
      "event-categorization-form": "Määritä luokat",
      "event-category-form-header": "Määritä luokat ja kohderyhmät*",
      "event-close-recurring-modal": "Sulje toistuvan tapahtuman dialogi",
      "event-creation-cancel-success": "Sisältö peruttiin!",
      "event-creation-create-success": "Sisältö tallennettiin!",
      "event-creation-default-success": "Sisältö luotiin onnistuneesti!",
      "event-creation-delete-success": "Sisältö poistettiin!",
      "event-creation-multipleevents-success": "Sisällöt tallennettiin!",
      "event-creation-publish-success": "Sisältö julkaistiin onnistuneesti!",
      "event-creation-savedraft-success": "Luonnoksen tallennus onnistui!",
      "event-creation-savepublic-success": "Julkaistun sisällön tallennus onnistui!",
      "event-creation-update-success": "Sisältö päivitettiin onnistuneesti!",
      "event-datetime-fields-header": "Tapahtuman ajankohdat",
      "event-datetime-form-header": "Valitse tapahtumien toistuvuus",
      "event-datetime-form-header2": "Määritä ajankohdat",
      "event-delete-recurring": "Poista edeltävä ajankohta",
      "event-description": "Kuvaus",
      "event-description-fields-header": "Tapahtuman kuvaus",
      "event-editor-tip-keyword-selection": "Valitse asiasanoja, jotka kuvaavat tapahtumaa mahdollisimman tarkasti (esimerkiksi musiikin sijaan lastenmusiikki). Usein kuvailuun riittää 1-5 asiasanaa.",
      "event-editor-tip-keywords": "Valitse tapahtuman sisältöä yleisellä tasolla kuvaava luokka. Useimmiten kuvaukseen riittää yksi luokka, mutta tarvittaessa voit valita useampia luokkia. Valitse myös tapahtuman järjestämistapaa kuvaava luokka.",
      "event-editor-tip-location-internet": "Jos tapahtuma järjestetään etänä internetissä, valitse tapahtumapaikaksi Virtuaalitapahtuma ja syötä URL-osoite. Lähitapahtumassa voit antaa lisätietoja tapahtumapaikan löytämiseksi, esimerkiksi konferenssihuoneen nimen tai ohjeet sisäänkäynnille.",
      "event-editor-tip-location-multi": "Tapahtuma voi olla virtuaalinen, lähitapahtuma tai molemmat.",
      "event-editor-tip-location-not-found": "Jos tarkkaa tapahtumapaikkaa ei löydy listasta, valitse tapahtumapaikaksi lähin katuosoite ja kirjoita paikan nimi tai muut tarkemmat saapumisohjeet tiiviisti lisätietokenttään.",
      "event-editor-tip-times": "Tapahtumien toistuvuuden ohjeet",
      "event-ending": "Tapahtuma päättyy",
      "event-ending-datelabel": "Tapahtuma päättyy (pp.kk.vvvv)",
      "event-ending-datetime": "Tapahtuma päättyy (pp.kk.vvvv tt.mm)",
      "event-ending-timelabel": "Loppuaika (tt.mm)",
      "event-has-umbrella": "Liittyy kattotapahtumaan",
      "event-has-umbrella-select-tip": "Huom. Kattotapahtuma täytyy luoda ennen kuin voit lisätä sille alatapahtumia.",
      "event-headline": "Otsikko",
      "event-hobby-form-header": "Syötä ilmoittautumistiedot",
      "event-image-modal-image-license-explanation-only": "Käyttö rajattu tapahtuman yhteyteen: kuvaa saa käyttää ja jakaa vain tämän tapahtumatiedon yhteydessä.",
      "event-image-modal-license-restricted": "Käyttö rajattu tapahtuman yhteyteen.",
      "event-image-title": "Tapahtuman kuva*",
      "event-image-title-modal": "Kuvapankki",
      "event-in-the-past": "Menneisyydessä olevia tapahtumia ei voi muokata.",
      "event-info-url": "Tapahtuman sivusto (URL)",
      "event-invalid-postpone": "Sisältö on jo lykätty",
      "event-is-free": "Tapahtuma on maksuton",
      "event-is-independent": "Itsenäinen tapahtuma",
      "event-is-umbrella": "Kattotapahtuma",
      "event-is-virtualandhaslocation": "Tämä tapahtuma on sekä virtuaalinen että lähitapahtuma",
      "event-isvirtual": "Tapahtuma on virtuaalinen",
      "event-isvirtualphysical": "Tapahtuma on sekä virtuaalinen että fyysinen",
      "event-keywords": "Hae ja valitse asiasanoja",
      "event-keywords-delete": "Poista asiasana",
      "event-keywords-search": "Aloita kirjoittamaan asiasanaa",
      "event-languages": "Käytetyt kielet",
      "event-languages-header": "Valitse tapahtumassa käytetyt kielet",
      "event-languages-header2": "Kielet, joilla tapahtuma järjestetään",
      "event-list-hide": "Piilota tapahtumat",
      "event-list-show": "Näytä tapahtumat",
      "event-location": "Paikan nimi tai osoite",
      "event-location-additional-info": "Paikan lisätiedot",
      "event-location-button": "Näytä kartalla",
      "event-location-button-tooltip": "Valitse ensin tapahtumapaikka",
      "event-location-fields-header": "Tapahtumapaikka",
      "event-location-form-header": "Valitse paikka",
      "event-location-id": "Paikan ID",
      "event-location-map-error-missing-coordinates": "Paikan koordinaatteja ei ole määritetty.",
      "event-location-virtual": "Virtuaalitapahtuma",
      "event-location-virtual-url": "Linkki virtuaaliseen tapahtumaan",
      "event-locationDate-form-header": "Syötä paikka ja aika*",
      "event-name-descriptions": "Syötä selkeä otsikko ja kuvaukset",
      "event-name-descriptions-tip": "Vältä lyhenteitä ja HUUTAMISTA.",
      "event-name-or-place": "Sisällön nimi tai paikka",
      "event-no-image": "Tapahtumalla ei ole kuvaa",
      "event-page-default-title": "Sisältösivu",
      "event-page-error": "Sisältöä ei löytynyt tai sinulla ei ole oikeuksia katsella sitä.",
      "event-page-loading": "Ladataan sisältöä...",
      "event-posted": "Tapahtuma lähetettiin onnistuneesti!",
      "event-presented-in-languages": "Valitse kielet, joilla julkaiset sisällön",
      "event-presented-in-languages2": "Suosittelemme syöttämään tiedot usealla kielellä.",
      "event-preview": "Tapahtuman tiedot",
      "event-price": "Hinta",
      "event-price-count": "Hintatieto {count}",
      "event-price-fields-header": "Hintatiedot",
      "event-price-header": "Syötä hintatiedot",
      "event-price-info": "Hintatietojen kuvaus",
      "event-price-methods": "Maksutavat",
      "event-provider": "Tapahtuman järjestäjä",
      "event-provider-input": "Tapahtuman järjestäjän nimi tai yhteystiedot. Huom! Tiedot ovat julkisia.",
      "event-publisher": "Tapahtuman julkaisija",
      "event-publisher-info": "Julkaisija: {publisher}",
      "event-purchase-link": "Linkki lipunmyyntiin",
      "event-repetition-end-time": "Tapahtumien loppuaika (tt.mm)",
      "event-repetition-start-time": "Tapahtumien alkuaika (tt.mm)",
      "event-search": "Hae",
      "event-series": "Tapahtuma {count}: {start} - {end}",
      "event-series-time": "Tapahtuma {count}: Täytäthän sekä alku- että päättymisajan",
      "event-short-description": "Lyhyt kuvaus eli ingressi",
      "event-social-header": "Määritä tapahtuman kanavat",
      "event-social-media-fields-header": "Tapahtuman kanavat",
      "event-sort-checkbox": "Valinta",
      "event-sort-context": "Sisältö",
      "event-sort-date_published": "Hyväksytty",
      "event-sort-end_time": "Sisältö päättyy",
      "event-sort-event_time": "Sisällön aika",
      "event-sort-last_modified_time": "Muokattu viimeksi",
      "event-sort-name": "Otsikko",
      "event-sort-publisher": "Julkaisija",
      "event-sort-start_time": "Sisältö alkaa",
      "event-sort-validation": "Huom.",
      "event-starting": "Tapahtuma alkaa",
      "event-starting-datelabel": "Tapahtuma alkaa (pp.kk.vvvv)",
      "event-starting-datetime": "Tapahtuma alkaa (pp.kk.vvvv tt.mm)",
      "event-starting-timelabel": "Alkuaika (tt.mm)",
      "event-sub-count": "Tapahtuma {count}",
      "event-subEvent-fields-header": "Tapahtumasarja",
      "event-target-groups-header": "Tee valinta, jos tapahtuma on suunnattu erityisesti tietylle kohderyhmälle",
      "event-type-recurring": "Sarjatapahtuma",
      "event-type-select": "Valitse sisällön tyyppi",
      "event-type-single": "Yksittäinen tapahtuma",
      "event-type-switch": "Huom! Vaihtaessasi sisältötyyppiä harrastuksesta tapahtumaan, lomakkeelta tyhjennetään seuraavat tiedot: harrastuksen luokka, avainsanat ja ilmoittautumistiedot.",
      "event-umbrella": "Kattotapahtumat",
      "event-umbrella-header": "Liittyykö tapahtumasi muihin tapahtumiin?",
      "event-uploaded-image-alt-decoration": "Kuva on koriste. Valitse, kun kuva ei tarjoa lisätietoa tapahtumasta.",
      "event-validation-errors": "Sisällön tiedoissa on puutteita. Korjaa puutteet ennen julkaisua.",
      "event-validation-no-errors": "Sisällön tiedoissa ei ole puutteita.",
      "event-video": "Tapahtumaan liittyvä video",
      "event-video-add": "Lisää uusi video",
      "event-video-alt_text": "Videon alt-teksti",
      "event-video-name": "Videon nimi",
      "event-video-url": "Tapahtumaan liittyvä video (URL)",
      "eventItem-date": "Päivämäärä:",
      "eventItem-description": "Lyhyt kuvaus:",
      "eventItem-location": "Paikka:",
      "eventItem-time": "Kello:",
      "events-homepage": "Etusivu",
      "events-management": "Sisällön hallinta",
      "events-management-description": "Selaa ja muokkaa oman organisaatiosi julkaistuja sisältöjä.",
      "events-management-description-public-user": "Selaa ja muokkaa julkaisemiasi tapahtumia.",
      "events-management-description-regular-user": "Selaa ja muokkaa omia luonnoksiasi ja selaa julkaistuja tapahtumiasi. Julkaistuja tapahtumia ei voi muokata.",
      "events-management-no-results": "Yhtäkään muokattavaa tapahtumaa ei löytynyt.",
      "events-management-prompt": "muokataksesi sisältöä.",
      "events-management-tip": "Suodatuksen asetukset",
      "eventtable-close": "Piilota alisisältö",
      "eventtable-expand": "Näytä alisisältö",
      "external-url-here": "Kuvan URL",
      "facebook-url": "Facebook (URL)",
      "filter-event-all": "Kaikki kielet",
      "filter-event-en": "Englanniksi",
      "filter-event-en-mobile": "EN",
      "filter-event-fi": "Suomeksi",
      "filter-event-fi-mobile": "FI",
      "filter-event-languages": "Selaa sisältöjä kielellä:",
      "filter-event-sv": "Ruotsiksi",
      "filter-event-sv-mobile": "SV",
      "filter-event-type": "Selaa sisältöä joiden tyyppi on:",
      "footer-accessibility": "Saavutettavuusseloste",
      "footer-city": "© Helsingin kaupunki",
      "footer-city1": "PL 1  (Pohjoisesplanadi 11-13) 00099 ",
      "footer-city2": "HELSINGIN KAUPUNKI",
      "footer-city3": "www.hel.fi",
      "footer-link": "https://www.hel.fi",
      "format-select-count": " ({count} tapahtumaa)",
      "friday": "perjantai",
      "hel-target-groups": "Kohderyhmät",
      "hobby": "Harrastus",
      "hobby-add-recurring": "Säännöllisesti toistuva harrastus",
      "hobby-categories-header-type": "Valitse vähintään yksi luokka",
      "hobby-categorization": "Harrastuksen luokittelu",
      "hobby-close-recurring-modal": "Sulje toistuvan harrastuksen dialogi",
      "hobby-datetime-fields-header": "Harrastuksen ajankohdat",
      "hobby-datetime-form-header": "Valitse harrastuksen toistuvuus",
      "hobby-description-fields-header": "Harrastuksen kuvaus",
      "hobby-editor-tip-keyword-selection": "Valitse asiasanoja, jotka kuvaavat harrastusta mahdollisimman tarkasti (esimerkiksi musiikin sijaan lastenmusiikki). Usein kuvailuun riittää 1-5 asiasanaa.",
      "hobby-editor-tip-keywords": "Valitse harrastuksen sisältöä yleisellä tasolla kuvaava luokka. Useimmiten kuvaukseen riittää yksi luokka.",
      "hobby-editor-tip-location-internet": "Jos harrastus järjestetään etänä internetissä, valitse harrastuspaikaksi \\"Virtuaalinen harrastus\\" ja syötä URL-osoite. Paikan päällä tapahtuvaa harrastusta varten voit antaa lisätietoja harrastuspaikan löytämiseksi, esimerkiksi ohjeet sisäänkäynnille tai liikuntasalin nimen / numeron.",
      "hobby-editor-tip-location-multi": "Harrastus on yleensä fyysisesti paikan päällä tapahtuva.",
      "hobby-editor-tip-location-not-found": "Jos tarkkaa harrastuspaikkaa ei löydy listasta, valitse paikaksi lähin katuosoite ja kirjoita paikan nimi tai muut tarkemmat saapumisohjeet tiiviisti lisätietokenttään.",
      "hobby-editor-tip-times": "Harrastuksen toistuvuuden ohjeet",
      "hobby-ending": "Harrastus päättyy",
      "hobby-ending-datelabel": "Harrastus päättyy (pp.kk.vvvv)",
      "hobby-ending-datetime": "Harrastus päättyy (pp.kk.vvvv tt.mm)",
      "hobby-image-modal-image-license-explanation-only": "Käyttö rajattu harrastuksen yhteyteen: kuvaa saa käyttää ja jakaa vain tämän harrastustiedon yhteydessä. ",
      "hobby-image-modal-license-restricted": "Käyttö rajattu harrastuksen yhteyteen.",
      "hobby-image-title": "Harrastuksen kuva*",
      "hobby-info-url": "Harrastuksen sivusto (URL)",
      "hobby-is-independent": "Itsenäinen harrastus",
      "hobby-languages-header": "Valitse harrastuksessa käytetyt kielet",
      "hobby-languages-header2": "Kielet, joilla harrastus järjestetään",
      "hobby-list-hide": "Piilota harrastukset",
      "hobby-list-show": "Näytä harrastukset",
      "hobby-location-fields-header": "Harrastuspaikka",
      "hobby-location-virtual": "Virtuaalinen harrastus",
      "hobby-location-virtual-url": "Linkki virtuaaliseen harrastukseen",
      "hobby-no-image": "Harrastuksella ei ole kuvaa",
      "hobby-preview": "Harrastuksen tiedot",
      "hobby-provider": "Harrastuksen järjestäjä",
      "hobby-provider-input": "Harrastuksen järjestäjän nimi tai yhteystiedot. Huom! Tiedot ovat julkisia.",
      "hobby-publisher": "Harrastuksen julkaisija",
      "hobby-repetition-end-time": "Harrastuksen loppuaika (tt.mm)",
      "hobby-repetition-start-time": "Harrastuksen alkuaika (tt.mm)",
      "hobby-social-header": "Määritä harrastuksen kanavat",
      "hobby-social-media-fields-header": "Harrastuksen kanavat",
      "hobby-starting": "Harrastus alkaa",
      "hobby-starting-datelabel": "Harrastus alkaa  (pp.kk.vvvv)",
      "hobby-starting-datetime": "Harrastus alkaa  (pp.kk.vvvv tt.mm)",
      "hobby-sub-count": "{count}. kerta",
      "hobby-subEvent-fields-header": "Sarja",
      "hobby-target-groups-header": "Tee valinta vain, jos harrastus on suunnattu erityisesti tietylle kohderyhmälle",
      "hobby-type-recurring": "Sarja",
      "hobby-type-single": "Yksittäinen kerta",
      "hobby-type-switch": "Huom! Vaihtaessasi sisältötyyppiä tapahtumasta harrastukseen, lomakkeelta tyhjennetään seuraavat tiedot: tapahtuman luokka ja avainsanat.",
      "hobby-uploaded-image-alt-decoration": "Kuva on koriste. Valitse, kun kuva ei tarjoa lisätietoa harrastuksesta.",
      "hobby-video": "Harrastukseen liittyvä video",
      "hobby-video-url": "Harrastukseen liittyvä video (URL)",
      "homepage-example-events": "Esimerkkejä luoduista sisällöistä",
      "homepage-for-publishers": "Tapahtuman järjestäjälle",
      "homepage-introduction-four": "Linked Events perustuu avoimeen lähdekoodiin (MIT-lisenssi).",
      "homepage-introduction-one": "Tervetuloa lisäämään tapahtumasi, harrastuksesi tai koulutuksesi avoimeen Linked Events -tietokantaan. Linked Events on avoin tapahtumatietokanta ja -rajapinta joka tarjoaa tiedot avoimena datana yhdenmukaisessa koneluettavassa muodossa erilaisille sovelluksille.",
      "homepage-introduction-three": "Turun kaupungin Linked Events on tarkoitettu kaikille Varsinais-Suomen alueen tapahtuma-, harrastus- ja koulutussisällöille, ei pelkästään kaupungin omille.",
      "homepage-introduction-two": "<strong>Linked Events ei itse ole visuaalinen tapahtumakalenteri.</strong> <a href='https://kalenteri.turku.fi' target='_blank' rel='noopener noreferrer'>Katso Turun kaupungin kalenteria (Aukeaa uudessa välilehdessä)</a>",
      "homepage-organization-button": "Lisää organisaatiosi",
      "homepage-welcome": "Tervetuloa Linked-palveluihin",
      "image-caption-limit-for-min-and-max": "Kuvan nimi",
      "image-creation-error": "Virhe kuvaa luodessa.",
      "image-creation-success": "Kuva luotiin onnistuneesti!",
      "image-deletion-error": "Virhe kuvaa poistettaessa.",
      "image-deletion-success": "Kuva poistettiin onnistuneesti!",
      "image-modal-image-info": "Kuvan tiedot",
      "image-modal-image-license": "Lisenssi",
      "image-modal-image-license-explanation-cc-by": "CC BY 4.0: kuvaa saa jakaa ja käyttää vapaasti, kun tekijätiedot mainitaan. Valitse aina, kun kuva on saatu tällä käyttöoikeudella. (ks. <a href='https://creativecommons.org/licenses/by/4.0/' target='_blank' rel='noopener noreferrer'>lisätietoja CC BY 4.0 oikeuksista. Aukeaa uudessa välilehdessä</a>).",
      "image-modal-image-license-permission": "Minulla on oikeus lähettää kuva.",
      "image-modal-save-button-text": "Tallenna tiedot",
      "image-modal-view-terms-paragraph-text": "Voit tutustua laajemmin <a href='/help#images' target='_blank' rel='noopener noreferrer'>kuvien lisäämisen ehtoihin ja suosituksiin (aukeaa uudessa välilehdessä).</a>",
      "image-page": "Sivu {n}",
      "image-pagination": "Kuvien sivutus",
      "image-update-error": "Virhe kuvaa päivittäessä.",
      "image-update-success": "Kuvan tiedot päivitettiin onnistuneesti!",
      "in-ar": "arabiaksi",
      "in-en": "Englanti",
      "in-fi": "Suomi",
      "in-ru": "venäjäksi",
      "in-sv": "Ruotsi",
      "in-zh_hans": "kiinaksi",
      "instagram-url": "Instagram (URL)",
      "invalid-date-format": "Päiväyksen muoto on väärä.",
      "invalid-date-time-format": "Kirjoita päivämäärä ja aika oikeassa muodossa.",
      "invalid-time-format": "Ajan muoto on väärä.",
      "is-free": "Maksuton",
      "is-not-free": "Maksullinen",
      "lang-en": "Englanti",
      "lang-fi": "Suomi",
      "lang-sv": "Ruotsi",
      "language-label.en": "Sisältö on englanniksi",
      "language-label.fi": "Sisältö on suomeksi",
      "language-label.sv": "Sisältö on ruotsiksi",
      "linked-courses": "Linked Courses",
      "linked-events": "Linked Events",
      "links-to-events": "Kytkökset muihin sisältöihin",
      "loading": "Ladataan...",
      "login": "Kirjaudu sisään",
      "login-warning": "Huom! Sinun täytyy",
      "login-warning1": "kirjautua sisään",
      "login-warning2": "lisätäksesi sisällön.",
      "logout": "Kirjaudu ulos",
      "main-categories": "Luokittelu",
      "maximum-attendee-capacity": "Enimmäisosallistujamäärä",
      "minimum-attendee-capacity": "Vähimmäisosallistujamäärä",
      "moderation-page": "Moderoi sisältöjä",
      "moderation-page-draft-heading": "Odottaa hyväksyntää",
      "moderation-page-published-description": "Jos julkaisit tapahtumaehdotuksen valmiin kattotapahtuman alle, sitä ei näytetä tässä näkymässä.",
      "moderation-page-published-heading": "Julkaistut sisällöt",
      "moderation-page-tip": "Moderoinnin ohjeet",
      "monday": "maanantai",
      "more-info": "Lisätietoja",
      "navbar.active": "Valitse kieli, Ändra språk, Change language",
      "navbar.brand": "Linked Events logo, linkki etusivulle",
      "navigation-toggle": "Navigaatio",
      "new-image": "Lisää uusi kuva",
      "no-connection": "Ei yhteyttä palvelimelle!",
      "no-events": "Ei sisältöjä, joita näyttää.",
      "no-links-to-events": "Ei kytköksiä.",
      "no-validation-errors": "Lomake täytetty oikein!",
      "no-value": "-kenttää ei ole täytetty.",
      "not-enough-sub-events": "Sarjalla tulee olla vähintään 2 sisältöä",
      "or": "tai",
      "organization-images": "Organisaation kuvat",
      "organization-missing-heading": "Tervetuloa käyttämään Linked Eventsiä, ",
      "organization-missing-heading-courses": "Tervetuloa käyttämään Linked Coursesia,  ",
      "organization-missing-message": "Sinulla ei ole vielä oikeutta hallinnoida yhdenkään yksikön tapahtumia. ",
      "organization-missing-message-contact": "Ota yhteyttä ",
      "organization-missing-message-contact1": "Paavo Jantuseen ",
      "organization-missing-message-contact2": "saadaksesi oikeudet muokata yksikkösi tapahtumia. ",
      "organization-missing-message-courses": "Sinulla ei ole vielä oikeutta hallinnoida yhdenkään yksikön kursseja. ",
      "organization-missing-message1": "Jos olet jo saanut käyttöoikeudet, kirjautumisesi saattaa olla vanhentunut. Kokeile sivun päivittämistä (F5) ja kirjautumista uudestaan.",
      "page-not-found": "404 Sivua ei löydy",
      "page-not-found-lead": "Valitettavasti etsimääsi sivua ei löytynyt.",
      "page-not-found-return": "Palaa etusivulle.",
      "photographer": "Kuvaaja / kuvan oikeudenomistaja",
      "pick-time-range": "Etsi vain ajalta",
      "play-date-label": "Toistopäivät",
      "postpone-events": "Lykkää sisältöä",
      "postponed": "Lykätty",
      "preview-event-button": "Esikatsele",
      "price-info-placeholder": "Esim. Aikuiset",
      "price-placeholder": "Esim. 4,99",
      "profile-menu": " Käyttäjävalikko",
      "publish-events": "Julkaise sisältö",
      "publish-events-multi": "Julkaise sisällöt",
      "ready": "Valmis",
      "repeated": "Toistetaan ",
      "repetition-begin": "Toistuminen alkaa (pp.kk.vvvv)",
      "repetition-end": "Toistuminen päättyy (pp.kk.vvvv)",
      "repetition-interval": " viikon välein.",
      "repetition-interval-label": "Toistoväli",
      "reportbutton-send": "Lähetä raportti",
      "reportmodal-button": "Raportoi virhetilanteesta",
      "reportmodal-debugbutton": "Palaute",
      "reportmodal-field": "Kuvaile ongelmaa",
      "reportmodal-sent": "Raportti lähetetty, kiitoksia",
      "reportmodal-title": "Raportoi virhetilanne",
      "reportmodal-tooltip": "Jos tapahtumien hallinnassa tai syöttölomakkeen toiminnassa on virhe, täytä kuvaus virhetilanteesta, niin saamme tiedon ja voimme tutkia asiaa.",
      "reportmodal-version": "Sovelluksen versiotunniste:",
      "return-to-events": "Palaa takaisin tapahtumiin",
      "return-without-saving": "Palaa tekemättä muutoksia",
      "saturday": "lauantai",
      "save": "Tallenna",
      "search-courses": "Etsi kursseja",
      "search-date-label-end": "Päättyen (pp.kk.vvvv)",
      "search-date-label-start": "Alkaen (pp.kk.vvvv)",
      "search-event-button": "Hae sisältöjä",
      "search-events": "Etsi sisältöjä",
      "search-events-description": "Katsele kaikkia Linked Eventsin sisältöjä.",
      "search-image-result": "Kuvapankissa {count} kuvaa {page} sivulla",
      "search-images": "Hae kuvan nimellä, ALT-tekstillä tai kuvaajan nimellä.",
      "search-images-text": "Hae",
      "search-minimum-length": "Syötä vähintään 3 merkkiä",
      "search-no-results": "Ei tuloksia",
      "search-results-count": "Hakutulosten määrä on {count}",
      "select": "Hae ja valitse...",
      "select-clear": "Kaikki valitut vaihtoehdot on tyhjennetty.",
      "select-deselect-value": "vaihtoehto {label} poistettu valinnoista.",
      "select-disabled": " ei käytettävissä",
      "select-focused": "kohdistettu {disabled}",
      "select-from-default": "Valitse oletuskuvista",
      "select-input-focus": "{labels, plural, one {vaihtoehto} other {vaihtoehdot}} {labels}, valittu",
      "select-input-isMulti": " paina vasenta nuolinäppäintä kohdistaaksesi valitut arvot",
      "select-input-isfocused": "on kohdistettu",
      "select-input-open": ", paina alas nuolinäppäintä avataksesi valikon, ",
      "select-input-search": ", kirjoita tarkentaaksesi hakutuloksia",
      "select-length": "{index} kautta {length}",
      "select-menu-choose": "Käytä ylös ja alas nuolinäppäimiä selataksesi vaihtoehtoja",
      "select-menu-disabled": ", paina Enter näppäintä valitaksesi tällä hetkellä kohdistettu vaihtoehto",
      "select-menu-exit": ", paina Esc näppäintä sulkeaksesi valikon",
      "select-menu-option": "Vaihtoehto {label} {status}, {number}",
      "select-menu-tab": ", paina tabulaattoria valitaksesi vaihtoehto ja sulkeaksesi valikon",
      "select-menu-tab-keyword": ", paina tabulaattoria valitaksesi vaihtoehdon ja sulkeaksesi valikon. Valikon alapuolelle avautuu ontologia, josta voit valita tarkat avainsanat valitun vaihtoehdon perusteella.",
      "select-option-disabled": "vaihtoehto {label} on pois käytöstä. Valitse toinen vaihtoehto.",
      "select-option-selected": "Vaihtoehto {label}, valittu.",
      "select-reader": "Löytyi {count} {count, plural, one {osuma} other {osumaa}}",
      "select-results": "{results} hakutermillä {input}",
      "select-selected": "valittu",
      "select-value-isMulti": "Käytä vasenta ja oikeaa nuolinäppäintä vaihtaaksesi kohdistusta arvojen välillä, paina askelpalautinta poistaaksesi tällä hetkellä kohdistettu arvo.",
      "select-value-selectValue": "Kohdistettu arvoon {label}, {number}.",
      "series": "Sarja",
      "series-invalid-postpone": "Sarjaa ei voi lykätä.",
      "server-error": "Virhe palvelimella.",
      "skiplink-shortcut": "Siirry sisältöön",
      "sub-event-of-series": "Tämä sisältö kuuluu sarjaan: ",
      "sub-event-of-umbrella": "Tällä sisällöllä on kattotapahtuma: ",
      "sub-events-for-series": "Sarjan alatapahtumat:",
      "sub-events-for-umbrella": "Kattotapahtuman alatapahtumat:",
      "submit": "Lähetä",
      "sunday": "sunnuntai",
      "super-event-of-series": "Tämä on sarjan ylätapahtuma.",
      "super-event-of-umbrella": "Tämä on kattotapahtuma.",
      "switch-type": "Vaihda tyyppiä",
      "table-event-management": "Sisällön hallintataulukko",
      "table-event-moderation": "Moderoinnin taulukko sisällön julkaisuun ja poistoon",
      "table-event-published": "Julkaistun sisällön moderointitaulukko",
      "table-events-checkbox": "Valitse {name} julkaistavaksi tai poistettavaksi",
      "table-events-checkbox-all": "Valitse kaikki sisältö jossa ei ole validaatiovirheitä poistaaksesi tai julkaistaksesi",
      "table-events-checkbox-error": "Korjaa sisällön {name} validaatiovirheet ennen kuin voit valita",
      "table-events-checkbox-invalid": "Korjaa sisällön {name} validaatiovirheet ennen kuin voit valita",
      "table-events-page-number": "Taulukon sivunumero",
      "table-events-per-page": "Sisältöjä per sivu",
      "table-pagination-next-page": "Seuraava sivu",
      "table-pagination-previous-page": "Edellinen sivu",
      "table-pagination-results": "Tapahtumat välillä {from} ja {to} / {count}",
      "table-pagination-shortcut-link": "Siirry taulukon alkuun",
      "terms-agree-link": "palvelun käyttöehdot",
      "terms-agree-text": "Hyväksyn",
      "terms-heading": "Linked Eventsin käyttöehdot",
      "thumbnail-picture-delete": "Poista tämä kuva järjestelmästä",
      "thumbnail-picture-edit": "Muokkaa tätä kuvaa",
      "thumbnail-picture-select": "Valitse kuvaksi",
      "thursday": "torstai",
      "time": "Aika",
      "tuesday": "tiistai",
      "twitter-url": "Twitter (URL)",
      "umbrella": "Kattotapahtuma",
      "update-events": "Tallenna",
      "upload-image": "Lataa kuva laitteeltasi",
      "upload-image-from-url": "Tai syötä ulkoisen kuvan osoite (URL)",
      "upload-image-from-url-button": "Lataa osoitteesta",
      "upload-image-select-bank": "Valitse kuvapankista",
      "upload-new-image": "Lataa kuva",
      "uploaded-image-button-delete": "Poista lisätty kuva",
      "uploaded-image-event-tip": "Lisäämäsi kuva lisätään myös kuvapankkiisi.",
      "uploaded-image-size-error": "Kuva on liian suuri. Kuvan koon on oltava alle 4 Mt.",
      "uploaded-image-size-tip": "Sallitut tiedostotyypit: jpeg, gif ja png. Kuvan sallittu koko 4 Mt.",
      "uploaded-image-size-tip2": "Suosittelemme kuvasuhdetta 1920x1080px.",
      "use-existing-image": "Kuvapankki on tyhjä. Lataa kuva tai valitse oletuskuvista.",
      "use-external-image-url": "tai syötä ulkoisen kuvan osoite:",
      "user": "Käyttäjä, ",
      "user-events-toggle": "Näytä vain itse luomani sisällöt",
      "user-no-rights-copy": "Kirjaudu sisään kopioidaksesi tämä tapahtuma",
      "user-no-rights-create": "Sinulla ei ole oikeuksia julkaista tapahtumia.",
      "user-no-rights-edit": "Sinulla ei ole oikeuksia muokata tätä tapahtumaa.",
      "validate-form": "Tarkista puuttuvat tiedot",
      "validation-afterEnrolmentStartTime": "Päättymisajan pitää olla alkamisaikaa myöhemmin",
      "validation-afterStartTime": "Päättymisajan pitää olla alkamisaikaa myöhemmin",
      "validation-afterStartTimeAndInFuture": "Päättymisajan pitää olla tulevaisuudessa ja alkamisaikaa myöhemmin",
      "validation-atLeastOne": "Valitse vähintään yksi",
      "validation-atLeastOneIsTrue": "Valitse vähintään yksi toistopäivä",
      "validation-atLeastOneMainCategory": "Valitse vähintään yksi",
      "validation-atLeastOneSecondaryCategory": "Valitse vähintään yksi",
      "validation-daysWithinInterval": "Yksi tai useampi valituista päivistä ei esiinny toistovälillä",
      "validation-error": "Lomakkeessa on virheitä. Tarkasta lomake.",
      "validation-error-goto-error": "Siirry virheeseen",
      "validation-hasPrice": "Hintatietoja puuttuu",
      "validation-inTheFuture": "Päättymisajan pitää olla tulevaisuudessa",
      "validation-isDate": "Kirjoita päivämäärä muodossa pp.kk.vvvv tt.mm",
      "validation-isInt": "Tulon on oltava numero",
      "validation-isMoreThanOne": "Toistovälin tulee olla vähintään 1 viikko",
      "validation-isMoreThanSixtyFive": "Sarjassa voi olla maksimissaan 65 alitapahtumaa",
      "validation-isMoreThanTwo": "Sarjan tulee sisältää vähintään 2 alitapahtumaa",
      "validation-isTime": "Kirjoita aika oikeassa muodossa tt.mm",
      "validation-isUrl": "Kirjoita URL osoite kokonaisena ja oikeassa muodossa (http://...)",
      "validation-longStringLengthCounter": " merkkiä käytetty",
      "validation-offerIsFreeOrHasPrice": "Maksullinen tapahtuma vaatii hinnan kaikilla valituilla kielillä",
      "validation-required": "Tämä kenttä vaaditaan",
      "validation-requiredAtId": "Tämä kenttä vaaditaan",
      "validation-requiredForCourses": "Tämä kenttä vaaditaan",
      "validation-requiredImage": "Kuva vaaditaan sisällön julkaisuun",
      "validation-requiredInContentLanguages": "Tämä kenttä vaaditaan kaikilla valituilla kielillä",
      "validation-requiredMulti": "Tämä kenttä vaaditaan",
      "validation-requiredString": "Tämä kenttä vaaditaan",
      "validation-requiredStringForCourses": "Tämä kenttä vaaditaan",
      "validation-requiredVideoField": "Tämä kenttä vaaditaan",
      "validation-stringLengthCounter": "{counter} merkkiä jäljellä",
      "validation-stringLimitReached": "Tämä kenttä voi olla korkeintaan {limit} merkkiä pitkä",
      "wednesday": "keskiviikko",
      "welcome": "Tervetuloa",
    }
  }
>
  <MemoryRouter>
    <Connect(EventListing)
      login={[MockFunction]}
    />
  </MemoryRouter>
</IntlProvider>
`;
